
      Set up agentws                                                        esc skip 
     
      Agents › Claude Code › Neovim › Done                                           
     
      Which agents do you use?                                                       
      ╭────────────────────────────────────────────────────────────────────────────╮
      │ ▸ [x] Claude Code   not set up                                             │
      │   [ ] Codex         not set up                                             │
      │   [ ] Oh My Pi      not set up                                             │
      ╰────────────────────────────────────────────────────────────────────────────╯
      agentws reads their hooks to show what each session is doing. Pick any of      
      them; you set up each one next.                                                
     
      ↑/↓ move · space pick                                       esc skip   ⏎ next  